Starting the Apache2.2 service
The Apache2.2 service is running.
] Apache/2.2.21 (Win32) configured -- resuming normal operations
[Sun Jan 08 11:02:49 2012] [notice] Server built: Sep  9 2011 10:26:10
[Sun Jan 08 11:02:49 2012] [notice] Parent: Created child process 3560
[Sun Jan 08 11:02:49 2012] [notice] Child 3560: Child process is running
[Sun Jan 08 11:02:49 2012] [notice] Child 3560: Acquired the start mutex.
[Sun Jan 08 11:02:49 2012] [notice] Child 3560: Starting 64 worker threads.
[Sun Jan 08 11:02:49 2012] [notice] Child 3560: Starting thread to listen on port 80.
[Sun Jan 08 11:02:56 2012] [notice] Parent: Received shutdown signal -- Shutting down the server.
[Sun Jan 08 11:02:56 2012] [notice] Child 3560: Exit event signaled. Child process is ending.
[Sun Jan 08 11:02:57 2012] [notice] Child 3560: Released the start mutex
[Sun Jan 08 11:02:58 2012] [notice] Child 3560: All worker threads have exited.
[Sun Jan 08 11:02:58 2012] [notice] Child 3560: Child process is exiting
[Sun Jan 08 11:02:58 2012] [notice] Parent: Child process exited successfully.
[Sun Jan 08 11:03:29 2012] [notice] Apache/2.2.21 (Win32) configured -- resuming normal operations
[Sun Jan 08 11:03:29 2012] [notice] Server built: Sep  9 2011 10:26:10
[Sun Jan 08 11:03:29 2012] [notice] Parent: Created child process 3788
[Sun Jan 08 11:03:29 2012] [notice] Child 3788: Child process is running
[Sun Jan 08 11:03:29 2012] [notice] Child 3788: Acquired the start mutex.
[Sun Jan 08 11:03:29 2012] [notice] Child 3788: Starting 64 worker threads.
[Sun Jan 08 11:03:29 2012] [notice] Child 3788: Starting thread to listen on port 80.
[Sun Jan 08 11:04:12 2012] [notice] Parent: Received shutdown signal -- Shutting down the server.
[Sun Jan 08 11:04:12 2012] [notice] Child 3788: Exit event signaled. Child process is ending.
[Sun Jan 08 11:04:13 2012] [notice] Child 3788: Released the start mutex
[Sun Jan 08 11:04:14 2012] [notice] Child 3788: All worker threads have exited.
[Sun Jan 08 11:04:14 2012] [notice] Child 3788: Child process is exiting
[Sun Jan 08 11:04:14 2012] [notice] Parent: Child process exited successfully.
[Sun Jan 08 11:07:36 2012] [notice] Apache/2.2.21 (Win32) configured -- resuming normal operations
[Sun Jan 08 11:07:36 2012] [notice] Server built: Sep  9 2011 10:26:10
[Sun Jan 08 11:07:36 2012] [notice] Parent: Created child process 2900
[Sun Jan 08 11:07:36 2012] [notice] Child 2900: Child process is running
[Sun Jan 08 11:07:36 2012] [notice] Child 2900: Acquired the start mutex.
[Sun Jan 08 11:07:36 2012] [notice] Child 2900: Starting 64 worker threads.
[Sun Jan 08 11:07:37 2012] [notice] Child 2900: Starting thread to listen on port 80.
[Sun Jan 08 11:11:04 2012] [error] [client 127.0.0.1] File does not exist: C:/Program Files/Apache Software Foundation/Apache2.2/htdocs/printenv.pl
[Sun Jan 08 11:11:14 2012] [error] [client 127.0.0.1] (OS 3)The system cannot find the path specified.  : couldn't create child process: 720003: printenv.pl
[Sun Jan 08 11:11:14 2012] [error] [client 127.0.0.1] (OS 3)The system cannot find the path specified.  : couldn't spawn child process: C:/Program Files/Apache Software Foundation/Apache2.2/cgi-bin/printenv.pl
[Sun Jan 08 11:11:38 2012] [error] [client 127.0.0.1] script not found or unable to stat: C:/Program Files/Apache Software Foundation/Apache2.2/cgi-bin/printenv
[Tue Jan 10 10:13:05 2012] [warn] pid file C:/Program Files/Apache Software Foundation/Apache2.2/logs/httpd.pid overwritten -- Unclean shutdown of previous Apache run?
[Tue Jan 10 10:13:05 2012] [notice] Apache/2.2.21 (Win32) configured -- resuming normal operations
[Tue Jan 10 10:13:05 2012] [notice] Server built: Sep  9 2011 10:26:10
[Tue Jan 10 10:13:05 2012] [notice] Parent: Created child process 1352
[Tue Jan 10 10:13:05 2012] [notice] Child 1352: Child process is running
[Tue Jan 10 10:13:05 2012] [notice] Child 1352: Acquired the start mutex.
[Tue Jan 10 10:13:05 2012] [notice] Child 1352: Starting 64 worker threads.
[Tue Jan 10 10:13:05 2012] [notice] Child 1352: Starting thread to listen on port 80.
[Thu Jan 12 14:07:28 2012] [warn] pid file C:/Program Files/Apache Software Foundation/Apache2.2/logs/httpd.pid overwritten -- Unclean shutdown of previous Apache run?
[Thu Jan 12 14:07:29 2012] [notice] Apache/2.2.21 (Win32) configured -- resuming normal operations
[Thu Jan 12 14:07:29 2012] [notice] Server built: Sep  9 2011 10:26:10
[Thu Jan 12 14:07:29 2012] [notice] Parent: Created child process 2088
[Thu Jan 12 14:07:29 2012] [notice] Child 2088: Child process is running
[Thu Jan 12 14:07:29 2012] [notice] Child 2088: Acquired the start mutex.
[Thu Jan 12 14:07:29 2012] [notice] Child 2088: Starting 64 worker threads.
[Thu Jan 12 14:07:29 2012] [notice] Child 2088: Starting thread to listen on port 80.
[Thu Jan 12 14:20:24 2012] [error] [client 127.0.0.1] File does not exist: C:/Program Files/Apache Software Foundation/Apache2.2/htdocs/WebTours
[Thu Jan 12 14:20:24 2012] [error] [client 127.0.0.1] File does not exist: C:/Program Files/Apache Software Foundation/Apache2.2/htdocs/favicon.ico
[Thu Jan 12 14:20:34 2012] [error] [client 127.0.0.1] File does not exist: C:/Program Files/Apache Software Foundation/Apache2.2/htdocs/WebTours
[Thu Jan 12 14:20:39 2012] [error] [client 127.0.0.1] File does not exist: C:/Program Files/Apache Software Foundation/Apache2.2/htdocs/WebTours
[Thu Jan 12 14:27:50 2012] [notice] Parent: Received shutdown signal -- Shutting down the server.
[Thu Jan 12 14:27:50 2012] [notice] Child 2088: Exit event signaled. Child process is ending.
[Thu Jan 12 14:27:50 2012] [notice] Child 2088: Released the start mutex
[Thu Jan 12 14:27:51 2012] [notice] Child 2088: All worker threads have exited.
[Thu Jan 12 14:27:51 2012] [notice] Child 2088: Child process is exiting
[Thu Jan 12 14:27:51 2012] [notice] Parent: Child process exited successfully.
[Thu Jan 12 14:27:52 2012] [notice] Apache/2.2.21 (Win32) configured -- resuming normal operations
[Thu Jan 12 14:27:52 2012] [notice] Server built: Sep  9 2011 10:26:10
[Thu Jan 12 14:27:52 2012] [notice] Parent: Created child process 3632
Apache server interrupted...
otice] Child 3632: Child process is running
[Thu Jan 12 14:27:52 2012] [notice] Child 3632: Acquired the start mutex.
[Thu Jan 12 14:27:52 2012] [notice] Child 3632: Starting 64 worker threads.
[Thu Jan 12 14:27:52 2012] [notice] Child 3632: Starting thread to listen on port 80.
[Thu Jan 12 14:28:15 2012] [notice] Parent: Received shutdown signal -- Shutting down the server.
Apache server interrupted...
Apache server interrupted...
Apache server interrupted...
Apache server interrupted...
Apache server interrupted...
Apache server interrupted...
Apache server interrupted...
Apache server interrupted...
Apache server interrupted...
Apache server interrupted...
Apache server interrupted...
Apache server interrupted...
Apache server interrupted...
Apache server interrupted...
Apache server interrupted...
Apache server interrupted...
Apache server interrupted...
Apache server interrupted...
Apache server interrupted...
Apache server interrupted...
Apache server interrupted...
Apache server interrupted...
Apache server interrupted...
Apache server interrupted...
Apache server interrupted...
Apache server interrupted...
Apache server interrupted...
Apache server interrupted...
Apache server interrupted...
[Thu Jan 12 14:28:17 2012] [notice] Child 3632: All worker threads have exited.
[Thu Jan 12 14:28:17 2012] [notice] Child 3632: Child process is exiting
[Thu Jan 12 14:28:17 2012] [notice] Parent: Child process exited successfully.
Starting the Apache2.2 service
The Apache2.2 service is running.
] Apache/2.2.21 (Win32) configured -- resuming normal operations
[Thu Jan 12 14:28:38 2012] [notice] Server built: Sep  9 2011 10:26:10
[Thu Jan 12 14:28:38 2012] [notice] Parent: Created child process 3784
[Thu Jan 12 14:28:38 2012] [notice] Child 3784: Child process is running
[Thu Jan 12 14:28:38 2012] [notice] Child 3784: Acquired the start mutex.
[Thu Jan 12 14:28:38 2012] [notice] Child 3784: Starting 64 worker threads.
[Thu Jan 12 14:28:38 2012] [notice] Child 3784: Starting thread to listen on port 80.
[Thu Jan 12 14:29:29 2012] [notice] Parent: Received shutdown signal -- Shutting down the server.
[Thu Jan 12 14:29:29 2012] [notice] Child 3784: Exit event signaled. Child process is ending.
[Thu Jan 12 14:29:31 2012] [notice] Child 3784: Released the start mutex
[Thu Jan 12 14:29:32 2012] [notice] Child 3784: All worker threads have exited.
[Thu Jan 12 14:29:32 2012] [notice] Child 3784: Child process is exiting
[Thu Jan 12 14:29:32 2012] [notice] Parent: Child process exited successfully.
httpd.exe: Could not reliably determine the server's fully qualified domain name, using 192.168.8.139 for ServerName
[Fri Sep 25 19:15:13 2026] [notice] Apache/2.2.21 (Win32) configured -- resuming normal operations
[Fri Sep 25 19:15:13 2026] [notice] Server built: Sep  9 2011 10:26:10
[Fri Sep 25 19:15:13 2026] [notice] Parent: Created child process 19812
httpd.exe: Could not reliably determine the server's fully qualified domain name, using 192.168.8.139 for ServerName
Apache server shutdown initiated...
ine the server's fully qualified domain name, using 192.168.8.139 for ServerName
[Fri Sep 25 19:15:13 2026] [notice] Child 19812: Child process is running
[Fri Sep 25 19:15:13 2026] [notice] Child 19812: Acquired the start mutex.
[Fri Sep 25 19:15:13 2026] [notice] Child 19812: Starting 64 worker threads.
[Fri Sep 25 19:15:13 2026] [notice] Child 19812: Starting thread to listen on port 1080.
[Fri Sep 25 19:17:02 2026] [notice] Parent: Received shutdown signal -- Shutting down the server.
[Fri Sep 25 19:17:02 2026] [notice] Child 19812: Exit event signaled. Child process is ending.
[Fri Sep 25 19:17:03 2026] [notice] Child 19812: Released the start mutex
[Fri Sep 25 19:17:04 2026] [notice] Child 19812: All worker threads have exited.
[Fri Sep 25 19:17:04 2026] [notice] Child 19812: Child process is exiting
[Fri Sep 25 19:17:04 2026] [notice] Parent: Child process exited successfully.
httpd.exe: Could not reliably determine the server's fully qualified domain name, using 192.168.8.139 for ServerName
[Fri Sep 25 19:17:09 2026] [notice] Apache/2.2.21 (Win32) configured -- resuming normal operations
[Fri Sep 25 19:17:09 2026] [notice] Server built: Sep  9 2011 10:26:10
[Fri Sep 25 19:17:09 2026] [notice] Parent: Created child process 17884
httpd.exe: Could not reliably determine the server's fully qualified domain name, using 192.168.8.139 for ServerName
Apache server shutdown initiated...
ine the server's fully qualified domain name, using 192.168.8.139 for ServerName
[Fri Sep 25 19:17:09 2026] [notice] Child 17884: Child process is running
[Fri Sep 25 19:17:09 2026] [notice] Child 17884: Acquired the start mutex.
[Fri Sep 25 19:17:09 2026] [notice] Child 17884: Starting 64 worker threads.
[Fri Sep 25 19:17:09 2026] [notice] Child 17884: Starting thread to listen on port 1080.
[Fri Sep 25 19:17:41 2026] [error] [client 192.168.8.139] File does not exist: C:/Users/User/Documents/JMeter_Udemy/WebTours/htdocs/favicon.ico, referer: http://192.168.8.139:1080/webTours/
[Fri Sep 25 21:08:29 2026] [notice] Parent: Received shutdown signal -- Shutting down the server.
[Fri Sep 25 21:08:29 2026] [notice] Child 17884: Exit event signaled. Child process is ending.
[Fri Sep 25 21:08:30 2026] [notice] Child 17884: Released the start mutex
[Fri Sep 25 21:08:31 2026] [notice] Child 17884: All worker threads have exited.
[Fri Sep 25 21:08:31 2026] [notice] Child 17884: Child process is exiting
[Fri Sep 25 21:08:31 2026] [notice] Parent: Child process exited successfully.
httpd.exe: Could not reliably determine the server's fully qualified domain name, using 192.168.8.139 for ServerName
[Fri Sep 25 21:08:49 2026] [notice] Apache/2.2.21 (Win32) configured -- resuming normal operations
[Fri Sep 25 21:08:49 2026] [notice] Server built: Sep  9 2011 10:26:10
[Fri Sep 25 21:08:49 2026] [notice] Parent: Created child process 5504
httpd.exe: Could not reliably determine the server's fully qualified domain name, using 192.168.8.139 for ServerName
Apache server shutdown initiated...
ine the server's fully qualified domain name, using 192.168.8.139 for ServerName
[Fri Sep 25 21:08:49 2026] [notice] Child 5504: Child process is running
[Fri Sep 25 21:08:49 2026] [notice] Child 5504: Acquired the start mutex.
[Fri Sep 25 21:08:49 2026] [notice] Child 5504: Starting 64 worker threads.
[Fri Sep 25 21:08:49 2026] [notice] Child 5504: Starting thread to listen on port 1080.
[Fri Sep 25 21:38:06 2026] [error] [client 192.168.8.139] File does not exist: C:/Users/User/Documents/JMeter_Udemy/WebTours/htdocs/favicon.ico, referer: http://192.168.8.139:1080/webTours/
[Fri Sep 25 21:52:14 2026] [notice] Parent: Received shutdown signal -- Shutting down the server.
[Fri Sep 25 21:52:14 2026] [notice] Child 5504: Exit event signaled. Child process is ending.
[Fri Sep 25 21:52:15 2026] [notice] Child 5504: Released the start mutex
[Fri Sep 25 21:52:16 2026] [notice] Child 5504: All worker threads have exited.
[Fri Sep 25 21:52:16 2026] [notice] Child 5504: Child process is exiting
[Fri Sep 25 21:52:16 2026] [notice] Parent: Child process exited successfully.
httpd.exe: Could not reliably determine the server's fully qualified domain name, using 192.168.8.139 for ServerName
[Mon Sep 28 12:14:32 2026] [notice] Apache/2.2.21 (Win32) configured -- resuming normal operations
[Mon Sep 28 12:14:32 2026] [notice] Server built: Sep  9 2011 10:26:10
[Mon Sep 28 12:14:32 2026] [notice] Parent: Created child process 21700
httpd.exe: Could not reliably determine the server's fully qualified domain name, using 192.168.8.139 for ServerName
Apache server shutdown initiated...
ine the server's fully qualified domain name, using 192.168.8.139 for ServerName
[Mon Sep 28 12:14:32 2026] [notice] Child 21700: Child process is running
[Mon Sep 28 12:14:32 2026] [notice] Child 21700: Acquired the start mutex.
[Mon Sep 28 12:14:32 2026] [notice] Child 21700: Starting 64 worker threads.
[Mon Sep 28 12:14:32 2026] [notice] Child 21700: Starting thread to listen on port 1080.
[Mon Sep 28 12:15:56 2026] [error] [client 192.168.8.139] File does not exist: C:/Users/User/Documents/JMeter_Udemy/WebTours/htdocs/favicon.ico, referer: http://192.168.8.139:1080/webTours/
[Mon Sep 28 12:19:37 2026] [error] [client 192.168.8.139] File does not exist: C:/Users/User/Documents/JMeter_Udemy/WebTours/htdocs/favicon.ico, referer: http://192.168.8.139:1080/webTours/
[Mon Sep 28 12:25:12 2026] [error] [client 192.168.8.139] File does not exist: C:/Users/User/Documents/JMeter_Udemy/WebTours/htdocs/favicon.ico, referer: http://192.168.8.139:1080/webTours/
[Mon Sep 28 14:04:51 2026] [error] [client 192.168.8.139] File does not exist: C:/Users/User/Documents/JMeter_Udemy/WebTours/htdocs/favicon.ico, referer: http://192.168.8.139:1080/webTours/
[Mon Sep 28 14:36:52 2026] [notice] Parent: Received shutdown signal -- Shutting down the server.
[Mon Sep 28 14:36:52 2026] [notice] Child 21700: Exit event signaled. Child process is ending.
[Mon Sep 28 14:36:53 2026] [notice] Child 21700: Released the start mutex
[Mon Sep 28 14:36:54 2026] [notice] Child 21700: All worker threads have exited.
[Mon Sep 28 14:36:54 2026] [notice] Child 21700: Child process is exiting
[Mon Sep 28 14:36:54 2026] [notice] Parent: Child process exited successfully.
httpd.exe: Could not reliably determine the server's fully qualified domain name, using 192.168.8.139 for ServerName
[Mon Sep 28 16:14:41 2026] [notice] Apache/2.2.21 (Win32) configured -- resuming normal operations
[Mon Sep 28 16:14:41 2026] [notice] Server built: Sep  9 2011 10:26:10
[Mon Sep 28 16:14:41 2026] [notice] Parent: Created child process 10060
httpd.exe: Could not reliably determine the server's fully qualified domain name, using 192.168.8.139 for ServerName
Apache server shutdown initiated...
ine the server's fully qualified domain name, using 192.168.8.139 for ServerName
[Mon Sep 28 16:14:42 2026] [notice] Child 10060: Child process is running
[Mon Sep 28 16:14:42 2026] [notice] Child 10060: Acquired the start mutex.
[Mon Sep 28 16:14:42 2026] [notice] Child 10060: Starting 64 worker threads.
[Mon Sep 28 16:14:42 2026] [notice] Child 10060: Starting thread to listen on port 1080.
[Mon Sep 28 16:47:37 2026] [notice] Parent: Received shutdown signal -- Shutting down the server.
[Mon Sep 28 16:47:37 2026] [notice] Child 10060: Exit event signaled. Child process is ending.
[Mon Sep 28 16:47:38 2026] [notice] Child 10060: Released the start mutex
[Mon Sep 28 16:47:39 2026] [notice] Child 10060: All worker threads have exited.
[Mon Sep 28 16:47:39 2026] [notice] Child 10060: Child process is exiting
[Mon Sep 28 16:47:39 2026] [notice] Parent: Child process exited successfully.
httpd.exe: Could not reliably determine the server's fully qualified domain name, using 192.168.8.139 for ServerName
[Mon Sep 28 16:49:33 2026] [notice] Apache/2.2.21 (Win32) configured -- resuming normal operations
[Mon Sep 28 16:49:33 2026] [notice] Server built: Sep  9 2011 10:26:10
[Mon Sep 28 16:49:33 2026] [notice] Parent: Created child process 23536
httpd.exe: Could not reliably determine the server's fully qualified domain name, using 192.168.8.139 for ServerName
Apache server shutdown initiated...
ine the server's fully qualified domain name, using 192.168.8.139 for ServerName
[Mon Sep 28 16:49:33 2026] [notice] Child 23536: Child process is running
[Mon Sep 28 16:49:33 2026] [notice] Child 23536: Acquired the start mutex.
[Mon Sep 28 16:49:33 2026] [notice] Child 23536: Starting 64 worker threads.
[Mon Sep 28 16:49:33 2026] [notice] Child 23536: Starting thread to listen on port 1080.
[Mon Sep 28 18:52:37 2026] [notice] Parent: Received shutdown signal -- Shutting down the server.
[Mon Sep 28 18:52:37 2026] [notice] Child 23536: Exit event signaled. Child process is ending.
[Mon Sep 28 18:52:38 2026] [notice] Child 23536: Released the start mutex
[Mon Sep 28 18:52:39 2026] [notice] Child 23536: All worker threads have exited.
[Mon Sep 28 18:52:39 2026] [notice] Child 23536: Child process is exiting
[Mon Sep 28 18:52:39 2026] [notice] Parent: Child process exited successfully.
